[    0.000000] Booting Linux on physical CPU 0x0
[    0.000000] Linux version 4.14.81-sama (gitlab-runner@dorfl.peppercon.de) (gcc version 6.4.0 (GCC) ) #2 Wed Jun 19 17:31:49 CEST 2019
[    0.000000] CPU: ARMv7 Processor [410fc051] revision 1 (ARMv7), cr=10c53c7d
[    0.000000] CPU: PIPT / VIPT nonaliasing data cache, VIPT aliasing instruction cache
[    0.000000] OF: fdt: Machine model: pp-v8-ix7
[    0.000000] Control board hardware ID: 0x15
[    0.000000] Memory policy: Data cache writeback
[    0.000000] On node 0 totalpages: 32768
[    0.000000] free_area_init_node: node 0, pgdat c082f14c, node_mem_map c7efb000
[    0.000000]   Normal zone: 256 pages used for memmap
[    0.000000]   Normal zone: 0 pages reserved
[    0.000000]   Normal zone: 32768 pages, LIFO batch:7
[    0.000000] CPU: All CPU(s) started in SVC mode.
[    0.000000] pcpu-alloc: s0 r0 d32768 u32768 alloc=1*32768
[    0.000000] pcpu-alloc: [0] 0 
[    0.000000] Built 1 zonelists, mobility grouping on.  Total pages: 32512
[    0.000000] Kernel command line: console=ttyS0,115200 root=/dev/mtdblock0 rootfstype=squashfs init=/sbin/init ip=off rw quiet pp_hw_id=0x15
[    0.000000] PID hash table entries: 512 (order: -1, 2048 bytes)
[    0.000000] Dentry cache hash table entries: 16384 (order: 4, 65536 bytes)
[    0.000000] Inode-cache hash table entries: 8192 (order: 3, 32768 bytes)
[    0.000000] Memory: 122068K/131072K available (4438K kernel code, 191K rwdata, 1096K rodata, 1024K init, 262K bss, 9004K reserved, 0K cma-reserved)
[    0.000000] Virtual kernel memory layout:
[    0.000000]     vector  : 0xffff0000 - 0xffff1000   (   4 kB)
[    0.000000]     fixmap  : 0xffc00000 - 0xfff00000   (3072 kB)
[    0.000000]     vmalloc : 0xc8800000 - 0xff800000   ( 880 MB)
[    0.000000]     lowmem  : 0xc0000000 - 0xc8000000   ( 128 MB)
[    0.000000]     modules : 0xbf000000 - 0xc0000000   (  16 MB)
[    0.000000]       .text : 0xc0008000 - 0xc05559b0   (5431 kB)
[    0.000000]       .init : 0xc0700000 - 0xc0800000   (1024 kB)
[    0.000000]       .data : 0xc0800000 - 0xc082fe18   ( 192 kB)
[    0.000000]        .bss : 0xc082fe18 - 0xc087177c   ( 263 kB)
[    0.000000] SLUB: HWalign=64, Order=0-3, MinObjects=0, CPUs=1, Nodes=1
[    0.000000] NR_IRQS: 16, nr_irqs: 16, preallocated irqs: 16
[    0.000000] L2C-310 dynamic clock gating enabled, standby mode enabled
[    0.000000] L2C-310 cache controller enabled, 8 ways, 128 kB
[    0.000000] L2C-310: CACHE_ID 0x410000c9, AUX_CTRL 0x06020000
[    0.000000] clocksource: pit: mask: 0x7ffffff max_cycles: 0x7ffffff, max_idle_ns: 14334455541 ns
[    0.000000] Calibrating delay loop... 265.42 BogoMIPS (lpj=1327104)
[    0.000000] pid_max: default: 32768 minimum: 301
[    0.000000] Mount-cache hash table entries: 1024 (order: 0, 4096 bytes)
[    0.000000] Mountpoint-cache hash table entries: 1024 (order: 0, 4096 bytes)
[    0.000000] CPU: Testing write buffer coherency: ok
[    0.000000] Setting up static identity map for 0x20100000 - 0x2010003c
[    0.000000] devtmpfs: initialized
[    0.000000] random: get_random_u32 called from bucket_table_alloc+0x144/0x190 with crng_init=0
[    0.000000] clocksource: jiffies: mask: 0xffffffff max_cycles: 0xffffffff, max_idle_ns: 19112604462750000 ns
[    0.000000] futex hash table entries: 256 (order: -1, 3072 bytes)
[    0.000000] pinctrl core: initialized pinctrl subsystem
[    0.000000] NET: Registered protocol family 16
[    0.000000] DMA: preallocated 256 KiB pool for atomic coherent allocations
[    0.000000] tcb_clksrc: tc0 at 8.333 MHz
[    0.000000] clocksource: tcb_clksrc: mask: 0xffffffff max_cycles: 0xffffffff, max_idle_ns: 229351262666 ns
[    0.001013] persistent_ram: uncorrectable error in header
[    0.001294] persistent_ram: uncorrectable error in header
[    0.001585] persistent_ram: uncorrectable error in header
[    0.001684] console [pstore-1] enabled
[    0.002392] pstore: Registered ramoops as persistent store backend
[    0.002414] ramoops: attached 0xc000@0x23ff4000, ecc: 16/0
[    0.068769] at_xdmac f0010000.dma-controller: 16 channels, mapped at 0xc8864000
[    0.071776] at_xdmac f0004000.dma-controller: 16 channels, mapped at 0xc8866000
[    0.073557] AT91: Detected SoC family: sama5d2
[    0.073573] AT91: Detected SoC: sama5d21, revision 2
[    0.074563] SCSI subsystem initialized
[    0.075210] usbcore: registered new interface driver usbfs
[    0.075351] usbcore: registered new interface driver hub
[    0.075531] usbcore: registered new device driver usb
[    0.076596] Linux video capture interface: v2.00
[    0.096246] clocksource: Switched to clocksource tcb_clksrc
[    0.100789] NET: Registered protocol family 2
[    0.102209] TCP established hash table entries: 1024 (order: 0, 4096 bytes)
[    0.102259] TCP bind hash table entries: 1024 (order: 0, 4096 bytes)
[    0.102301] TCP: Hash tables configured (established 1024 bind 1024)
[    0.102608] UDP hash table entries: 256 (order: 0, 4096 bytes)
[    0.102656] UDP-Lite hash table entries: 256 (order: 0, 4096 bytes)
[    0.103015] NET: Registered protocol family 1
[    0.106044] RPC: Registered named UNIX socket transport module.
[    0.106061] RPC: Registered udp transport module.
[    0.106069] RPC: Registered tcp transport module.
[    0.106078] RPC: Registered tcp NFSv4.1 backchannel transport module.
[    0.111062] workingset: timestamp_bits=30 max_order=15 bucket_order=0
[    0.133861] squashfs: version 4.0 (2009/01/31) Phillip Lougher
[    0.138670] jffs2: version 2.2. (NAND) (SUMMARY)  (c) 2001-2006 Red Hat, Inc.
[    0.151356] io scheduler noop registered (default)
[    0.163810] pinctrl-at91-pio4 fc038000.pinctrl: atmel pinctrl initialized
[    0.170726] f801c000.serial: ttyS1 at MMIO 0xf801c000 (irq = 32, base_baud = 4166666) is a ATMEL_SERIAL
[    0.172053] f8020000.serial: ttyS0 at MMIO 0xf8020000 (irq = 33, base_baud = 4166666) is a ATMEL_SERIAL
[    0.172187] console [ttyS0] enabled
[    0.174265] fc008000.serial: ttyS5 at MMIO 0xfc008000 (irq = 37, base_baud = 4166666) is a ATMEL_SERIAL
[    0.176237] fc00c000.serial: ttyS4 at MMIO 0xfc00c000 (irq = 38, base_baud = 4166666) is a ATMEL_SERIAL
[    0.183305] atmel_usart f8038200.serial: Using FIFO (32 data)
[    0.183571] f8038200.serial: ttyS2 at MMIO 0xf8038200 (irq = 174, base_baud = 4166666) is a ATMEL_SERIAL
[    0.184611] hwrng: no data available
[    0.187432] atmel_usart fc018200.serial: Using FIFO (32 data)
[    0.187806] fc018200.serial: ttyS3 at MMIO 0xfc018200 (irq = 175, base_baud = 4166666) is a ATMEL_SERIAL
[    0.191822] atmel_spi fc000000.spi: Using dma0chan0 (tx) and dma0chan1 (rx) for DMA transfers
[    0.191962] atmel_spi fc000000.spi: Using FIFO (16 data)
[    0.197239] m25p80 spi0.0: gd25q128 (16384 Kbytes)
[    0.197877] 4 ofpart partitions found on MTD device spi0.0
[    0.197894] Creating 4 MTD partitions on "spi0.0":
[    0.197928] 0x000000040000-0x000000dc0000 : "root"
[    0.200452] 0x000000dc0000-0x000000fc0000 : "flashdisk"
[    0.202936] 0x000000000000-0x000000040000 : "u-boot"
[    0.206859] 0x000000fc0000-0x000001000000 : "fab"
[    0.210500] atmel_spi fc000000.spi: Atmel SPI Controller version 0x311 at 0xfc000000 (irq 36)
[    0.211727] atmel_spi f8034400.spi: Using dma0chan2 (tx) and dma0chan3 (rx) for DMA transfers
[    0.211876] atmel_spi f8034400.spi: Using FIFO (16 data)
[    0.214735] atmel_spi f8034400.spi: Atmel SPI Controller version 0x311 at 0xf8034400 (irq 173)
[    0.215330] libphy: Fixed MDIO Bus: probed
[    0.218743] macb f8008000.ethernet: invalid hw address, using random
[    0.226458] libphy: MACB_mii_bus: probed
[    0.226499] mdio_bus f8008000.ethernet-ffffffff: /ahb/apb/ethernet@f8008000/fixed-link has invalid PHY address
[    0.241361] mdio_bus f8008000.ethernet-ffffffff: scan phy fixed-link at address 4
[    0.242736] mdio_bus f8008000.ethernet-ffffffff: scan phy fixed-link at address 5
[    0.242842] mdio_bus f8008000.ethernet-ffffffff: scan phy fixed-link at address 6
[    0.242934] mdio_bus f8008000.ethernet-ffffffff: scan phy fixed-link at address 7
[    0.243023] mdio_bus f8008000.ethernet-ffffffff: scan phy fixed-link at address 8
[    0.243112] mdio_bus f8008000.ethernet-ffffffff: scan phy fixed-link at address 9
[    0.243202] mdio_bus f8008000.ethernet-ffffffff: scan phy fixed-link at address 10
[    0.243291] mdio_bus f8008000.ethernet-ffffffff: scan phy fixed-link at address 11
[    0.243379] mdio_bus f8008000.ethernet-ffffffff: scan phy fixed-link at address 12
[    0.243468] mdio_bus f8008000.ethernet-ffffffff: scan phy fixed-link at address 13
[    0.243557] mdio_bus f8008000.ethernet-ffffffff: scan phy fixed-link at address 14
[    0.243645] mdio_bus f8008000.ethernet-ffffffff: scan phy fixed-link at address 15
[    0.243734] mdio_bus f8008000.ethernet-ffffffff: scan phy fixed-link at address 16
[    0.245128] mdio_bus f8008000.ethernet-ffffffff: scan phy fixed-link at address 17
[    0.246391] mdio_bus f8008000.ethernet-ffffffff: scan phy fixed-link at address 18
[    0.247627] mdio_bus f8008000.ethernet-ffffffff: scan phy fixed-link at address 19
[    0.249027] mdio_bus f8008000.ethernet-ffffffff: scan phy fixed-link at address 20
[    0.250260] mdio_bus f8008000.ethernet-ffffffff: scan phy fixed-link at address 21
[    0.251483] mdio_bus f8008000.ethernet-ffffffff: scan phy fixed-link at address 22
[    0.252758] mdio_bus f8008000.ethernet-ffffffff: scan phy fixed-link at address 23
[    0.253991] mdio_bus f8008000.ethernet-ffffffff: scan phy fixed-link at address 24
[    0.255220] mdio_bus f8008000.ethernet-ffffffff: scan phy fixed-link at address 25
[    0.255329] mdio_bus f8008000.ethernet-ffffffff: scan phy fixed-link at address 26
[    0.255419] mdio_bus f8008000.ethernet-ffffffff: scan phy fixed-link at address 27
[    0.255508] mdio_bus f8008000.ethernet-ffffffff: scan phy fixed-link at address 28
[    0.255597] mdio_bus f8008000.ethernet-ffffffff: scan phy fixed-link at address 29
[    0.255686] mdio_bus f8008000.ethernet-ffffffff: scan phy fixed-link at address 30
[    0.255774] mdio_bus f8008000.ethernet-ffffffff: scan phy fixed-link at address 31
[    0.257313] Generic PHY fixed-0:00: attached PHY driver [Generic PHY] (mii_bus:phy_addr=fixed-0:00, irq=POLL)
[    0.257362] macb f8008000.ethernet macb0: Cadence GEM rev 0x00020203 at 0xf8008000 irq 26 (86:07:98:99:0d:f7)
[    0.258542] usbcore: registered new interface driver carl9170
[    0.258747] usbcore: registered new interface driver rt2800usb
[    0.258886] usbcore: registered new interface driver asix
[    0.259008] usbcore: registered new interface driver cdc_ether
[    0.259039] ehci_hcd: USB 2.0 'Enhanced' Host Controller (EHCI) Driver
[    0.259049] ehci-atmel: EHCI Atmel driver
[    0.263998] atmel-ehci 500000.ehci: EHCI Host Controller
[    0.264093] atmel-ehci 500000.ehci: new USB bus registered, assigned bus number 1
[    0.264436] atmel-ehci 500000.ehci: irq 19, io mem 0x00500000
[    0.289407] atmel-ehci 500000.ehci: USB 2.0 started, EHCI 1.00
[    0.289910] usb usb1: New USB device found, idVendor=1d6b, idProduct=0002
[    0.289935] usb usb1: New USB device strings: Mfr=3, Product=2, SerialNumber=1
[    0.289953] usb usb1: Product: EHCI Host Controller
[    0.289968] usb usb1: Manufacturer: Linux 4.14.81-sama ehci_hcd
[    0.289983] usb usb1: SerialNumber: 500000.ehci
[    0.290931] usb usb1: Device is not authorized for usage
[    0.297236] ohci_hcd: USB 1.1 'Open' Host Controller (OHCI) Driver
[    0.297291] ohci-atmel: OHCI Atmel driver
[    0.298609] at91_ohci 400000.ohci: USB Host Controller
[    0.298739] at91_ohci 400000.ohci: new USB bus registered, assigned bus number 2
[    0.299029] at91_ohci 400000.ohci: irq 19, io mem 0x00400000
[    0.381783] usb usb2: New USB device found, idVendor=1d6b, idProduct=0001
[    0.381813] usb usb2: New USB device strings: Mfr=3, Product=2, SerialNumber=1
[    0.381830] usb usb2: Product: USB Host Controller
[    0.381846] usb usb2: Manufacturer: Linux 4.14.81-sama ohci_hcd
[    0.381861] usb usb2: SerialNumber: at91
[    0.382713] usb usb2: Device is not authorized for usage
[    0.389121] usbcore: registered new interface driver cdc_acm
[    0.389134] cdc_acm: USB Abstract Control Model driver for USB modems and ISDN adapters
[    0.389289] usbcore: registered new interface driver usb-storage
[    0.389581] usbcore: registered new interface driver usbserial
[    0.389707] usbcore: registered new interface driver cp210x
[    0.389814] usbserial: USB Serial support registered for cp210x
[    0.389918] usbcore: registered new interface driver ftdi_sio
[    0.390011] usbserial: USB Serial support registered for FTDI USB Serial Device
[    0.390757] atmel_usba_udc 300000.gadget: MMIO registers at 0xfc02c000 mapped at c88ef000
[    0.390874] atmel_usba_udc 300000.gadget: FIFO at 0x00300000 mapped at c8d00000
[    0.397345] rtc rtc0: invalid alarm value: 1900-1-1 0:0:0
[    0.399043] at91_rtc f80480b0.rtc: registered as rtc0
[    0.399112] at91_rtc f80480b0.rtc: AT91 Real Time Clock driver.
[    0.399522] i2c /dev entries driver
[    0.399826] usbcore: registered new interface driver uvcvideo
[    0.399837] USB Video Class driver (1.1.1)
[    0.400451] AT91: Starting after wakeup
[    0.400476] at91-reset f8048000.rstc: registered restart handler
[    0.404301] at91sam9_wdt: enabled (heartbeat=15 sec, nowayout=1)
[    0.405209] atmel_aes f002c000.aes: version: 0x500
[    0.409412] atmel_aes f002c000.aes: Atmel AES - Using dma0chan4, dma0chan5 for DMA transfers
[    0.410431] atmel_sha f0028000.sha: version: 0x510
[    0.410612] atmel_sha f0028000.sha: using dma0chan6 for DMA transfers
[    0.413816] atmel_sha f0028000.sha: Atmel SHA1/SHA256/SHA224/SHA384/SHA512
[    0.414934] atmel_tdes fc044000.tdes: version: 0x703
[    0.415258] atmel_tdes fc044000.tdes: using dma0chan7, dma0chan8 for DMA transfers
[    0.419620] atmel_tdes fc044000.tdes: Atmel DES/TDES
[    0.420208] fbtft_of_value: buswidth = 8
[    0.669846] random: fast init done
[    0.840608] graphics fb0: fb_st7789v frame buffer, 240x320, 150 KiB video memory, 4 KiB buffer memory, fps=20, spi1.0 at 6 MHz
[    0.855114] Netfilter messages via NETLINK v0.30.
[    0.855649] nf_conntrack version 0.5.0 (2048 buckets, 8192 max)
[    0.856258] ctnetlink v0.93: registering with nfnetlink.
[    0.857093] ip_tables: (C) 2000-2006 Netfilter Core Team
[    0.858955] NET: Registered protocol family 10
[    0.863740] Segment Routing with IPv6
[    0.863969] ip6_tables: (C) 2000-2006 Netfilter Core Team
[    0.864508] NET: Registered protocol family 17
[    0.864665] Bridge firewalling registered
[    0.876822] DSA: switch 0 0 parsed
[    0.876870] DSA: tree 0 parsed
[    0.885991] libphy: dsa slave smi: probed
[    0.888226] Generic PHY dsa-0.0:03: attached PHY driver [Generic PHY] (mii_bus:phy_addr=dsa-0.0:03, irq=POLL)
[    0.890346] Generic PHY dsa-0.0:01: attached PHY driver [Generic PHY] (mii_bus:phy_addr=dsa-0.0:01, irq=POLL)
[    0.892260] Generic PHY dsa-0.0:02: attached PHY driver [Generic PHY] (mii_bus:phy_addr=dsa-0.0:02, irq=POLL)
[    0.894081] at91_rtc f80480b0.rtc: setting system clock to 2012-01-01 00:00:06 UTC (1325376006)
[    0.905208] VFS: Mounted root (squashfs filesystem) readonly on device 31:0.
[    0.910825] devtmpfs: mounted
[    0.919538] Freeing unused kernel memory: 1024K
[    1.836769] watchdog: watchdog0: nowayout prevents watchdog being stopped!
[    2.594876] random: dd: uninitialized urandom read (512 bytes read)
[    3.301700] random: daemontool: uninitialized urandom read (6 bytes read)
[    3.514760] random: daemontool: uninitialized urandom read (6 bytes read)
[    4.434312] random: daemontool: uninitialized urandom read (6 bytes read)
[    5.098063] random: daemontool: uninitialized urandom read (6 bytes read)
[    6.195832] random: crng init done
[   12.322294] IPv6: ADDRCONF(NETDEV_UP): macb0: link is not ready
[   12.322498] macb f8008000.ethernet macb0: link up (100/Full)
[   12.322559] IPv6: ADDRCONF(NETDEV_CHANGE): macb0: link becomes ready
[   12.325658] device macb0 entered promiscuous mode
[   13.348307] qca8k f8008000.ethernet-ffffffff:00 eth0: Link is Down
[   13.348558] qca8k f8008000.ethernet-ffffffff:00 eth1: Link is Down
[   16.695979] hub 1-0:1.0: USB hub found
[   16.697355] hub 1-0:1.0: 3 ports detected
[   16.697911] hub 1-0:1.0: trying to enable port power on non-switchable hub
[   16.704166] usb usb1: authorized to connect
[   16.709988] hub 2-0:1.0: USB hub found
[   16.711239] hub 2-0:1.0: 3 ports detected
[   16.711628] hub 2-0:1.0: enabling power on all ports
[   16.719719] usb usb2: authorized to connect
[   17.078010] usb 1-2: new high-speed USB device number 2 using atmel-ehci
[   17.278353] usb 1-2: New USB device found, idVendor=0424, idProduct=2513
[   17.278427] usb 1-2: New USB device strings: Mfr=0, Product=0, SerialNumber=0
[   17.281406] hub 1-2:1.0: USB hub found
[   17.282636] hub 1-2:1.0: 3 ports detected
[   17.284113] hub 1-2:1.0: enabling power on all ports
