[    0.000000] Booting Linux on physical CPU 0x0
[    0.000000] Linux version 4.14.81-sama (gitlab-runner@dorfl.peppercon.de) (gcc version 6.4.0 (GCC) ) #2 Wed Jun 19 17:31:49 CEST 2019
[    0.000000] CPU: ARMv7 Processor [410fc051] revision 1 (ARMv7), cr=10c53c7d
[    0.000000] CPU: PIPT / VIPT nonaliasing data cache, VIPT aliasing instruction cache
[    0.000000] OF: fdt: Machine model: pp-v8-ix7
[    0.000000] Control board hardware ID: 0x15
[    0.000000] Memory policy: Data cache writeback
[    0.000000] On node 0 totalpages: 32768
[    0.000000] free_area_init_node: node 0, pgdat c082f14c, node_mem_map c7efb000
[    0.000000]   Normal zone: 256 pages used for memmap
[    0.000000]   Normal zone: 0 pages reserved
[    0.000000]   Normal zone: 32768 pages, LIFO batch:7
[    0.000000] CPU: All CPU(s) started in SVC mode.
[    0.000000] pcpu-alloc: s0 r0 d32768 u32768 alloc=1*32768
[    0.000000] pcpu-alloc: [0] 0 
[    0.000000] Built 1 zonelists, mobility grouping on.  Total pages: 32512
[    0.000000] Kernel command line: console=ttyS0,115200 root=/dev/mtdblock0 rootfstype=squashfs init=/sbin/init ip=off rw quiet pp_hw_id=0x15
[    0.000000] PID hash table entries: 512 (order: -1, 2048 bytes)
[    0.000000] Dentry cache hash table entries: 16384 (order: 4, 65536 bytes)
[    0.000000] Inode-cache hash table entries: 8192 (order: 3, 32768 bytes)
[    0.000000] Memory: 122068K/131072K available (4438K kernel code, 191K rwdata, 1096K rodata, 1024K init, 262K bss, 9004K reserved, 0K cma-reserved)
[    0.000000] Virtual kernel memory layout:
[    0.000000]     vector  : 0xffff0000 - 0xffff1000   (   4 kB)
[    0.000000]     fixmap  : 0xffc00000 - 0xfff00000   (3072 kB)
[    0.000000]     vmalloc : 0xc8800000 - 0xff800000   ( 880 MB)
[    0.000000]     lowmem  : 0xc0000000 - 0xc8000000   ( 128 MB)
[    0.000000]     modules : 0xbf000000 - 0xc0000000   (  16 MB)
[    0.000000]       .text : 0xc0008000 - 0xc05559b0   (5431 kB)
[    0.000000]       .init : 0xc0700000 - 0xc0800000   (1024 kB)
[    0.000000]       .data : 0xc0800000 - 0xc082fe18   ( 192 kB)
[    0.000000]        .bss : 0xc082fe18 - 0xc087177c   ( 263 kB)
[    0.000000] SLUB: HWalign=64, Order=0-3, MinObjects=0, CPUs=1, Nodes=1
[    0.000000] NR_IRQS: 16, nr_irqs: 16, preallocated irqs: 16
[    0.000000] L2C-310 dynamic clock gating enabled, standby mode enabled
[    0.000000] L2C-310 cache controller enabled, 8 ways, 128 kB
[    0.000000] L2C-310: CACHE_ID 0x410000c9, AUX_CTRL 0x06020000
[    0.000000] clocksource: pit: mask: 0x7ffffff max_cycles: 0x7ffffff, max_idle_ns: 14334455541 ns
[    0.000000] Calibrating delay loop... 265.42 BogoMIPS (lpj=1327104)
[    0.000000] pid_max: default: 32768 minimum: 301
[    0.000000] Mount-cache hash table entries: 1024 (order: 0, 4096 bytes)
[    0.000000] Mountpoint-cache hash table entries: 1024 (order: 0, 4096 bytes)
[    0.000000] CPU: Testing write buffer coherency: ok
[    0.000000] Setting up static identity map for 0x20100000 - 0x2010003c
[    0.000000] devtmpfs: initialized
[    0.000000] random: get_random_u32 called from bucket_table_alloc+0x144/0x190 with crng_init=0
[    0.000000] clocksource: jiffies: mask: 0xffffffff max_cycles: 0xffffffff, max_idle_ns: 19112604462750000 ns
[    0.000000] futex hash table entries: 256 (order: -1, 3072 bytes)
[    0.000000] pinctrl core: initialized pinctrl subsystem
[    0.000000] NET: Registered protocol family 16
[    0.000000] DMA: preallocated 256 KiB pool for atomic coherent allocations
[    0.000000] tcb_clksrc: tc0 at 8.333 MHz
[    0.000000] clocksource: tcb_clksrc: mask: 0xffffffff max_cycles: 0xffffffff, max_idle_ns: 229351262666 ns
[    0.001008] persistent_ram: uncorrectable error in header
[    0.001290] persistent_ram: uncorrectable error in header
[    0.001580] persistent_ram: uncorrectable error in header
[    0.001682] console [pstore-1] enabled
[    0.002397] pstore: Registered ramoops as persistent store backend
[    0.002419] ramoops: attached 0xc000@0x23ff4000, ecc: 16/0
[    0.068950] at_xdmac f0010000.dma-controller: 16 channels, mapped at 0xc8864000
[    0.071936] at_xdmac f0004000.dma-controller: 16 channels, mapped at 0xc8866000
[    0.073725] AT91: Detected SoC family: sama5d2
[    0.073741] AT91: Detected SoC: sama5d21, revision 2
[    0.074727] SCSI subsystem initialized
[    0.075370] usbcore: registered new interface driver usbfs
[    0.075511] usbcore: registered new interface driver hub
[    0.075694] usbcore: registered new device driver usb
[    0.076755] Linux video capture interface: v2.00
[    0.096413] clocksource: Switched to clocksource tcb_clksrc
[    0.100971] NET: Registered protocol family 2
[    0.102385] TCP established hash table entries: 1024 (order: 0, 4096 bytes)
[    0.102437] TCP bind hash table entries: 1024 (order: 0, 4096 bytes)
[    0.102481] TCP: Hash tables configured (established 1024 bind 1024)
[    0.102790] UDP hash table entries: 256 (order: 0, 4096 bytes)
[    0.102839] UDP-Lite hash table entries: 256 (order: 0, 4096 bytes)
[    0.103189] NET: Registered protocol family 1
[    0.106268] RPC: Registered named UNIX socket transport module.
[    0.106286] RPC: Registered udp transport module.
[    0.106295] RPC: Registered tcp transport module.
[    0.106303] RPC: Registered tcp NFSv4.1 backchannel transport module.
[    0.111289] workingset: timestamp_bits=30 max_order=15 bucket_order=0
[    0.134059] squashfs: version 4.0 (2009/01/31) Phillip Lougher
[    0.138875] jffs2: version 2.2. (NAND) (SUMMARY)  (c) 2001-2006 Red Hat, Inc.
[    0.151600] io scheduler noop registered (default)
[    0.164067] pinctrl-at91-pio4 fc038000.pinctrl: atmel pinctrl initialized
[    0.170961] f801c000.serial: ttyS1 at MMIO 0xf801c000 (irq = 32, base_baud = 4166666) is a ATMEL_SERIAL
[    0.172301] f8020000.serial: ttyS0 at MMIO 0xf8020000 (irq = 33, base_baud = 4166666) is a ATMEL_SERIAL
[    0.172437] console [ttyS0] enabled
[    0.174510] fc008000.serial: ttyS5 at MMIO 0xfc008000 (irq = 37, base_baud = 4166666) is a ATMEL_SERIAL
[    0.176497] fc00c000.serial: ttyS4 at MMIO 0xfc00c000 (irq = 38, base_baud = 4166666) is a ATMEL_SERIAL
[    0.183565] atmel_usart f8038200.serial: Using FIFO (32 data)
[    0.183838] f8038200.serial: ttyS2 at MMIO 0xf8038200 (irq = 174, base_baud = 4166666) is a ATMEL_SERIAL
[    0.184889] random: fast init done
[    0.185099] random: crng init done
[    0.188710] atmel_usart fc018200.serial: Using FIFO (32 data)
[    0.188970] fc018200.serial: ttyS3 at MMIO 0xfc018200 (irq = 175, base_baud = 4166666) is a ATMEL_SERIAL
[    0.192990] atmel_spi fc000000.spi: Using dma0chan0 (tx) and dma0chan1 (rx) for DMA transfers
[    0.193135] atmel_spi fc000000.spi: Using FIFO (16 data)
[    0.198410] m25p80 spi0.0: gd25q128 (16384 Kbytes)
[    0.198928] 4 ofpart partitions found on MTD device spi0.0
[    0.198944] Creating 4 MTD partitions on "spi0.0":
[    0.198976] 0x000000040000-0x000000dc0000 : "root"
[    0.201503] 0x000000dc0000-0x000000fc0000 : "flashdisk"
[    0.203978] 0x000000000000-0x000000040000 : "u-boot"
[    0.207979] 0x000000fc0000-0x000001000000 : "fab"
[    0.211418] atmel_spi fc000000.spi: Atmel SPI Controller version 0x311 at 0xfc000000 (irq 36)
[    0.212658] atmel_spi f8034400.spi: Using dma0chan2 (tx) and dma0chan3 (rx) for DMA transfers
[    0.212805] atmel_spi f8034400.spi: Using FIFO (16 data)
[    0.215610] atmel_spi f8034400.spi: Atmel SPI Controller version 0x311 at 0xf8034400 (irq 173)
[    0.216208] libphy: Fixed MDIO Bus: probed
[    0.219618] macb f8008000.ethernet: invalid hw address, using random
[    0.227215] libphy: MACB_mii_bus: probed
[    0.227256] mdio_bus f8008000.ethernet-ffffffff: /ahb/apb/ethernet@f8008000/fixed-link has invalid PHY address
[    0.242075] mdio_bus f8008000.ethernet-ffffffff: scan phy fixed-link at address 4
[    0.243465] mdio_bus f8008000.ethernet-ffffffff: scan phy fixed-link at address 5
[    0.243576] mdio_bus f8008000.ethernet-ffffffff: scan phy fixed-link at address 6
[    0.243667] mdio_bus f8008000.ethernet-ffffffff: scan phy fixed-link at address 7
[    0.243756] mdio_bus f8008000.ethernet-ffffffff: scan phy fixed-link at address 8
[    0.243844] mdio_bus f8008000.ethernet-ffffffff: scan phy fixed-link at address 9
[    0.243934] mdio_bus f8008000.ethernet-ffffffff: scan phy fixed-link at address 10
[    0.244023] mdio_bus f8008000.ethernet-ffffffff: scan phy fixed-link at address 11
[    0.244112] mdio_bus f8008000.ethernet-ffffffff: scan phy fixed-link at address 12
[    0.244200] mdio_bus f8008000.ethernet-ffffffff: scan phy fixed-link at address 13
[    0.244288] mdio_bus f8008000.ethernet-ffffffff: scan phy fixed-link at address 14
[    0.244377] mdio_bus f8008000.ethernet-ffffffff: scan phy fixed-link at address 15
[    0.244465] mdio_bus f8008000.ethernet-ffffffff: scan phy fixed-link at address 16
[    0.245864] mdio_bus f8008000.ethernet-ffffffff: scan phy fixed-link at address 17
[    0.247119] mdio_bus f8008000.ethernet-ffffffff: scan phy fixed-link at address 18
[    0.248479] mdio_bus f8008000.ethernet-ffffffff: scan phy fixed-link at address 19
[    0.249724] mdio_bus f8008000.ethernet-ffffffff: scan phy fixed-link at address 20
[    0.250926] mdio_bus f8008000.ethernet-ffffffff: scan phy fixed-link at address 21
[    0.252124] mdio_bus f8008000.ethernet-ffffffff: scan phy fixed-link at address 22
[    0.253361] mdio_bus f8008000.ethernet-ffffffff: scan phy fixed-link at address 23
[    0.254593] mdio_bus f8008000.ethernet-ffffffff: scan phy fixed-link at address 24
[    0.255821] mdio_bus f8008000.ethernet-ffffffff: scan phy fixed-link at address 25
[    0.255927] mdio_bus f8008000.ethernet-ffffffff: scan phy fixed-link at address 26
[    0.256018] mdio_bus f8008000.ethernet-ffffffff: scan phy fixed-link at address 27
[    0.256107] mdio_bus f8008000.ethernet-ffffffff: scan phy fixed-link at address 28
[    0.256195] mdio_bus f8008000.ethernet-ffffffff: scan phy fixed-link at address 29
[    0.256284] mdio_bus f8008000.ethernet-ffffffff: scan phy fixed-link at address 30
[    0.256372] mdio_bus f8008000.ethernet-ffffffff: scan phy fixed-link at address 31
[    0.258038] Generic PHY fixed-0:00: attached PHY driver [Generic PHY] (mii_bus:phy_addr=fixed-0:00, irq=POLL)
[    0.258086] macb f8008000.ethernet macb0: Cadence GEM rev 0x00020203 at 0xf8008000 irq 26 (72:ff:10:eb:79:ca)
[    0.259138] usbcore: registered new interface driver carl9170
[    0.259343] usbcore: registered new interface driver rt2800usb
[    0.259481] usbcore: registered new interface driver asix
[    0.259601] usbcore: registered new interface driver cdc_ether
[    0.259631] ehci_hcd: USB 2.0 'Enhanced' Host Controller (EHCI) Driver
[    0.259641] ehci-atmel: EHCI Atmel driver
[    0.264580] atmel-ehci 500000.ehci: EHCI Host Controller
[    0.264672] atmel-ehci 500000.ehci: new USB bus registered, assigned bus number 1
[    0.265017] atmel-ehci 500000.ehci: irq 19, io mem 0x00500000
[    0.289501] atmel-ehci 500000.ehci: USB 2.0 started, EHCI 1.00
[    0.289998] usb usb1: New USB device found, idVendor=1d6b, idProduct=0002
[    0.290025] usb usb1: New USB device strings: Mfr=3, Product=2, SerialNumber=1
[    0.290043] usb usb1: Product: EHCI Host Controller
[    0.290058] usb usb1: Manufacturer: Linux 4.14.81-sama ehci_hcd
[    0.290073] usb usb1: SerialNumber: 500000.ehci
[    0.291008] usb usb1: Device is not authorized for usage
[    0.297317] ohci_hcd: USB 1.1 'Open' Host Controller (OHCI) Driver
[    0.297372] ohci-atmel: OHCI Atmel driver
[    0.298690] at91_ohci 400000.ohci: USB Host Controller
[    0.298818] at91_ohci 400000.ohci: new USB bus registered, assigned bus number 2
[    0.299109] at91_ohci 400000.ohci: irq 19, io mem 0x00400000
[    0.381946] usb usb2: New USB device found, idVendor=1d6b, idProduct=0001
[    0.381976] usb usb2: New USB device strings: Mfr=3, Product=2, SerialNumber=1
[    0.381993] usb usb2: Product: USB Host Controller
[    0.382008] usb usb2: Manufacturer: Linux 4.14.81-sama ohci_hcd
[    0.382023] usb usb2: SerialNumber: at91
[    0.382865] usb usb2: Device is not authorized for usage
[    0.389271] usbcore: registered new interface driver cdc_acm
[    0.389285] cdc_acm: USB Abstract Control Model driver for USB modems and ISDN adapters
[    0.389442] usbcore: registered new interface driver usb-storage
[    0.389738] usbcore: registered new interface driver usbserial
[    0.389864] usbcore: registered new interface driver cp210x
[    0.389972] usbserial: USB Serial support registered for cp210x
[    0.390078] usbcore: registered new interface driver ftdi_sio
[    0.390172] usbserial: USB Serial support registered for FTDI USB Serial Device
[    0.390909] atmel_usba_udc 300000.gadget: MMIO registers at 0xfc02c000 mapped at c88ef000
[    0.391032] atmel_usba_udc 300000.gadget: FIFO at 0x00300000 mapped at c8d00000
[    0.397438] rtc rtc0: invalid alarm value: 1900-1-1 0:0:0
[    0.399132] at91_rtc f80480b0.rtc: registered as rtc0
[    0.399204] at91_rtc f80480b0.rtc: AT91 Real Time Clock driver.
[    0.399611] i2c /dev entries driver
[    0.399918] usbcore: registered new interface driver uvcvideo
[    0.399928] USB Video Class driver (1.1.1)
[    0.400535] AT91: Starting after wakeup
[    0.400561] at91-reset f8048000.rstc: registered restart handler
[    0.404338] at91sam9_wdt: enabled (heartbeat=15 sec, nowayout=1)
[    0.405238] atmel_aes f002c000.aes: version: 0x500
[    0.409362] atmel_aes f002c000.aes: Atmel AES - Using dma0chan4, dma0chan5 for DMA transfers
[    0.410381] atmel_sha f0028000.sha: version: 0x510
[    0.410561] atmel_sha f0028000.sha: using dma0chan6 for DMA transfers
[    0.413647] atmel_sha f0028000.sha: Atmel SHA1/SHA256/SHA224/SHA384/SHA512
[    0.414757] atmel_tdes fc044000.tdes: version: 0x703
[    0.415077] atmel_tdes fc044000.tdes: using dma0chan7, dma0chan8 for DMA transfers
[    0.419289] atmel_tdes fc044000.tdes: Atmel DES/TDES
[    0.419887] fbtft_of_value: buswidth = 8
[    0.840227] graphics fb0: fb_st7789v frame buffer, 240x320, 150 KiB video memory, 4 KiB buffer memory, fps=20, spi1.0 at 6 MHz
[    0.854764] Netfilter messages via NETLINK v0.30.
[    0.855296] nf_conntrack version 0.5.0 (2048 buckets, 8192 max)
[    0.855900] ctnetlink v0.93: registering with nfnetlink.
[    0.856739] ip_tables: (C) 2000-2006 Netfilter Core Team
[    0.858608] NET: Registered protocol family 10
[    0.863378] Segment Routing with IPv6
[    0.863607] ip6_tables: (C) 2000-2006 Netfilter Core Team
[    0.864146] NET: Registered protocol family 17
[    0.864297] Bridge firewalling registered
[    0.876448] DSA: switch 0 0 parsed
[    0.876493] DSA: tree 0 parsed
[    0.885623] libphy: dsa slave smi: probed
[    0.887776] Generic PHY dsa-0.0:03: attached PHY driver [Generic PHY] (mii_bus:phy_addr=dsa-0.0:03, irq=POLL)
[    0.889983] Generic PHY dsa-0.0:01: attached PHY driver [Generic PHY] (mii_bus:phy_addr=dsa-0.0:01, irq=POLL)
[    0.891893] Generic PHY dsa-0.0:02: attached PHY driver [Generic PHY] (mii_bus:phy_addr=dsa-0.0:02, irq=POLL)
[    0.896969] at91_rtc f80480b0.rtc: setting system clock to 2012-01-01 00:00:06 UTC (1325376006)
[    0.904812] VFS: Mounted root (squashfs filesystem) readonly on device 31:0.
[    0.910474] devtmpfs: mounted
[    0.919175] Freeing unused kernel memory: 1024K
[    1.839906] watchdog: watchdog0: nowayout prevents watchdog being stopped!
[   12.398262] IPv6: ADDRCONF(NETDEV_UP): macb0: link is not ready
[   12.398475] macb f8008000.ethernet macb0: link up (100/Full)
[   12.398533] IPv6: ADDRCONF(NETDEV_CHANGE): macb0: link becomes ready
[   12.401630] device macb0 entered promiscuous mode
[   13.428397] qca8k f8008000.ethernet-ffffffff:00 eth0: Link is Down
[   13.428904] qca8k f8008000.ethernet-ffffffff:00 eth1: Link is Down
[   16.713564] hub 1-0:1.0: USB hub found
[   16.714919] hub 1-0:1.0: 3 ports detected
[   16.715335] hub 1-0:1.0: trying to enable port power on non-switchable hub
[   16.715761] usb usb1: authorized to connect
[   16.722224] hub 2-0:1.0: USB hub found
[   16.723471] hub 2-0:1.0: 3 ports detected
[   16.723859] hub 2-0:1.0: enabling power on all ports
[   16.734822] usb usb2: authorized to connect
[   17.077962] usb 1-2: new high-speed USB device number 2 using atmel-ehci
[   17.289068] usb 1-2: New USB device found, idVendor=0424, idProduct=2513
[   17.289106] usb 1-2: New USB device strings: Mfr=0, Product=0, SerialNumber=0
[   17.292557] hub 1-2:1.0: USB hub found
[   17.294129] hub 1-2:1.0: 3 ports detected
[   17.295742] hub 1-2:1.0: enabling power on all ports
[  310.867293] qca8k f8008000.ethernet-ffffffff:00 eth0: Link is Up - 1Gbps/Full - flow control rx/tx
[3522159.448325] qca8k f8008000.ethernet-ffffffff:00 eth0: Link is Down
[3544511.126525] qca8k f8008000.ethernet-ffffffff:00 eth0: Link is Up - 1Gbps/Full - flow control rx/tx
[3789966.720679] qca8k f8008000.ethernet-ffffffff:00 eth0: Link is Down
[3789979.197470] qca8k f8008000.ethernet-ffffffff:00 eth0: Link is Up - 1Gbps/Full - flow control rx/tx
[3797617.996871] qca8k f8008000.ethernet-ffffffff:00 eth0: Link is Down
[3798189.999394] qca8k f8008000.ethernet-ffffffff:00 eth0: Link is Up - 1Gbps/Full - flow control rx/tx
[3800104.635789] qca8k f8008000.ethernet-ffffffff:00 eth0: Link is Down
[3801378.642867] qca8k f8008000.ethernet-ffffffff:00 eth0: Link is Up - 1Gbps/Full - flow control rx/tx
[3801484.722887] qca8k f8008000.ethernet-ffffffff:00 eth0: Link is Down
[3805588.566835] qca8k f8008000.ethernet-ffffffff:00 eth0: Link is Up - 1Gbps/Full - flow control rx/tx
[3805648.878033] qca8k f8008000.ethernet-ffffffff:00 eth0: Link is Down
[3808256.156154] qca8k f8008000.ethernet-ffffffff:00 eth0: Link is Up - 1Gbps/Full - flow control rx/tx
[3809255.597450] qca8k f8008000.ethernet-ffffffff:00 eth0: Link is Down
[3809263.923137] qca8k f8008000.ethernet-ffffffff:00 eth0: Link is Up - 1Gbps/Full - flow control rx/tx
[3809281.596655] qca8k f8008000.ethernet-ffffffff:00 eth0: Link is Down
[3809991.917853] qca8k f8008000.ethernet-ffffffff:00 eth0: Link is Up - 1Gbps/Full - flow control rx/tx
[9598470.487161] qca8k f8008000.ethernet-ffffffff:00 eth0: Link is Down
[9598722.167772] qca8k f8008000.ethernet-ffffffff:00 eth0: Link is Up - 1Gbps/Full - flow control rx/tx
